// Jest Snapshot v1, https://goo.gl/fbAQLP

exports[`Snapshot correto 1`] = `
<View>
  <View
    accessibilityState={
      {
        "busy": undefined,
        "checked": undefined,
        "disabled": undefined,
        "expanded": undefined,
        "selected": undefined,
      }
    }
    accessibilityValue={
      {
        "max": undefined,
        "min": undefined,
        "now": undefined,
        "text": undefined,
      }
    }
    accessible={true}
    collapsable={false}
    focusable={false}
    onClick={[Function]}
    onResponderGrant={[Function]}
    onResponderMove={[Function]}
    onResponderRelease={[Function]}
    onResponderTerminate={[Function]}
    onResponderTerminationRequest={[Function]}
    onStartShouldSetResponder={[Function]}
    style={
      {
        "alignItems": "center",
        "backgroundColor": undefined,
        "borderRadius": 20,
        "flexDirection": "row",
        "height": 55,
        "justifyContent": "center",
        "marginTop": 20,
        "opacity": 1,
        "width": 290,
      }
    }
  >
    <Text
      style={
        {
          "color": "#fff",
          "fontFamily": "courier",
          "fontSize": 23,
          "fontWeight": "bold",
        }
      }
    />
  </View>
</View>
`;
